../Drivers/STM32F0xx_HAL_Driver/Inc/stm32f0xx_ll_rcc.h:1578:22:LL_RCC_PLL_ConfigDomain_SYS	12	static
../Drivers/STM32F0xx_HAL_Driver/Src/stm32f0xx_ll_utils.c:530:20:UTILS_PLL_IsBusy	0	static
../Drivers/STM32F0xx_HAL_Driver/Src/stm32f0xx_ll_utils.c:141:6:LL_Init1msTick	8	static
../Drivers/STM32F0xx_HAL_Driver/Src/stm32f0xx_ll_utils.c:157:6:LL_mDelay	8	static
../Drivers/STM32F0xx_HAL_Driver/Src/stm32f0xx_ll_utils.c:213:6:LL_SetSystemCoreClock	0	static
../Drivers/STM32F0xx_HAL_Driver/Src/stm32f0xx_ll_utils.c:228:13:LL_SetFlashLatency	8	static
../Drivers/STM32F0xx_HAL_Driver/Src/stm32f0xx_ll_utils.c:553:20:UTILS_EnablePLLAndSwitchSystem	32	static
../Drivers/STM32F0xx_HAL_Driver/Src/stm32f0xx_ll_utils.c:298:13:LL_PLL_ConfigSystemClock_HSI	32	static
../Drivers/STM32F0xx_HAL_Driver/Src/stm32f0xx_ll_utils.c:362:13:LL_PLL_ConfigSystemClock_HSI48	24	static
../Drivers/STM32F0xx_HAL_Driver/Src/stm32f0xx_ll_utils.c:423:13:LL_PLL_ConfigSystemClock_HSE	32	static
